Resource Report
Microsemi Corporation - Microsemi Libero Software Release v12.3 (Version 12.800.0.16)
Date: Thu Feb 27 11:34:33 2020

Device Selection
+--------------------------------+----------------+
| Family                         | IGLOO2         |
| Device                         | M2GL025        |
| Package                        | 256 VF         |
| Speed Grade                    | STD            |
| Temp                           | 0:25:85        |
| Voltage                        | 1.26:1.20:1.14 |
| Core Voltage                   | 1.2V           |
| Ramp Rate                      | 100ms Minimum  |
| System Controller Suspend Mode | No             |
| PLL Supply Voltage             | 2.5V           |
| Default I/O technology         | LVCMOS 2.5V    |
| Restrict Probe Pins            | Yes            |
| Restrict SPI Pins              | No             |
+--------------------------------+----------------+

Source Files
+---------+-----------------------------------------------------------------------------------------------------------+
| Topcell | BaseDesign                                                                                                |
| Format  | Verilog                                                                                                   |
| Source  | C:\GitHub-LSRAM-12.3\RISC-V-Creative-Board-1\Libero_Projects\MiV_AHB_IG2_Creative\synthesis\BaseDesign.vm |
+---------+-----------------------------------------------------------------------------------------------------------+

Options
+----------------------------------------------------+-------+
| Enable Single Event Transient mitigation           | false |
| Enable Design Separation Methodology               | false |
| Limit the number of high fanout nets to display to | 10    |
+----------------------------------------------------+-------+

Resource Usage
+---------------------------+-------+-------+------------+
| Type                      | Used  | Total | Percentage |
+---------------------------+-------+-------+------------+
| 4LUT                      | 12529 | 27696 | 45.24      |
| DFF                       | 6784  | 27696 | 24.49      |
| I/O Register              | 0     | 414   | 0.00       |
| User I/O                  | 8     | 138   | 5.80       |
| -- Single-ended I/O       | 8     | 138   | 5.80       |
| -- Differential I/O Pairs | 0     | 65    | 0.00       |
| RAM64x18                  | 8     | 34    | 23.53      |
| RAM1K18                   | 24    | 31    | 77.42      |
| MACC                      | 2     | 34    | 5.88       |
| Chip Globals              | 8     | 16    | 50.00      |
| CCC                       | 1     | 6     | 16.67      |
| RCOSC_25_50MHZ            | 1     | 1     | 100.00     |
| RCOSC_1MHZ                | 0     | 1     | 0.00       |
| XTLOSC                    | 0     | 1     | 0.00       |
| HPMS                      | 0     | 1     | 0.00       |
+---------------------------+-------+-------+------------+

Detailed Logic Resource Usage
+--------------------------+-------+------+
| Type                     | 4LUT  | DFF  |
+--------------------------+-------+------+
| Fabric Logic             | 11305 | 5560 |
| RAM64x18 Interface Logic | 288   | 288  |
| RAM1K18 Interface Logic  | 864   | 864  |
| MACC Interface Logic     | 72    | 72   |
| Total Used               | 12529 | 6784 |
+--------------------------+-------+------+

Detailed Carry Chains Resource Usage
+--------+------+
| Length | Used |
| 2      | 135  |
| 5      | 33   |
| 6      | 1    |
| 7      | 2    |
| 8      | 1    |
| 10     | 8    |
| 11     | 8    |
| 14     | 2    |
| 17     | 4    |
| 30     | 2    |
| 32     | 3    |
| 33     | 9    |
| 49     | 1    |
| 64     | 1    |
| 65     | 1    |
| Total  | 211  |
+--------+------+

Detailed MACC Resource Usage
+--------+------+
| Length | Used |
| 2      | 1    |
| Total  | 1    |
+--------+------+

I/O Function
+-------------------------------+--------------+-------------+-----------------+
| Type                          | w/o register | w/ register | w/ DDR register |
+-------------------------------+--------------+-------------+-----------------+
| Input I/O                     | 3            | 0           | 0               |
| Output I/O                    | 5            | 0           | 0               |
| Bidirectional I/O             | 0            | 0           | 0               |
| Differential Input I/O Pairs  | 0            | 0           | 0               |
| Differential Output I/O Pairs | 0            | 0           | 0               |
+-------------------------------+--------------+-------------+-----------------+

I/O Technology
+--------------+--------+------+-------+--------+---------------+
| I/O Standard | Vddi   | Vref | Input | Output | Bidirectional |
+--------------+--------+------+-------+--------+---------------+
| LVCMOS25     |  2.50v |  N/A |  3    |  5     |  0            |
+--------------+--------+------+-------+--------+---------------+

I/O Placement
+----------+-------+------------+
| Type     | Count | Percentage |
+----------+-------+------------+
| Locked   |  0    | 0.00%      |
| Placed   |  0    | 0.00%      |
| UnPlaced |  8    | 100.00%    |
+----------+-------+------------+

Nets assigned to chip global resources
+--------+---------+---------------------------------------------------------------------------------------------------------------------------------------------------------------------------------------+
| Fanout | Type    | Name                                                                                                                                                                                  |
+--------+---------+---------------------------------------------------------------------------------------------------------------------------------------------------------------------------------------+
| 5301   | INT_NET | Net   : FCCC_0_GL0                                                                                                                                                                    |
|        |         | Driver: FCCC_0_inst_0/FCCC_0_0/GL0_INST/U0_RGB1                                                                                                                                       |
|        |         | Source: NETLIST                                                                                                                                                                       |
| 617    | INT_NET | Net   : sync_asert_reg_arst1                                                                                                                                                          |
|        |         | Driver: reset_synchronizer_0/sync_asert_reg_rep_RNIK2MB[1]/U0_RGB1                                                                                                                    |
|        |         | Source: NETLIST                                                                                                                                                                       |
| 314    | INT_NET | Net   : un1_DUT_TCK_inferred_clock_RNIJ683                                                                                                                                            |
|        |         | Driver: CoreJTAGDebug_0_inst_0/CoreJTAGDebug_0_0/genblk3.genblk1.UJ_JTAG/un1_DUT_TCK_inferred_clock_RNIJ683/U0_RGB1                                                                   |
|        |         | Source: NETLIST                                                                                                                                                                       |
| 40     | INT_NET | Net   : MiV_RV32IMA_L1_AHB_0_inst_0/MiV_RV32IMA_L1_AHB_0_0/ChiselTop0/q_arst_0                                                                                                        |
|        |         | Driver: MiV_RV32IMA_L1_AHB_0_inst_0/MiV_RV32IMA_L1_AHB_0_0/ChiselTop0/dmiResetCatch/MIV_RV32IMA_L1_AHB_ASYNC_RESET_SYNCHRONIZER_SHIFT_REG_W1_D3_I0/sync_0/reg_0/q_rep_RNI0A87/U0_RGB1 |
|        |         | Source: NETLIST                                                                                                                                                                       |
| 30     | INT_NET | Net   : MiV_RV32IMA_L1_AHB_0_inst_0/MiV_RV32IMA_L1_AHB_0_0/ChiselTop0/debug_1/dmInner/MIV_RV32IMA_L1_AHB_ASYNC_QUEUE_SINK/_T_49_arst                                                  |
|        |         | Driver: MiV_RV32IMA_L1_AHB_0_inst_0/MiV_RV32IMA_L1_AHB_0_0/ChiselTop0/debug_1/dmInner/MIV_RV32IMA_L1_AHB_ASYNC_QUEUE_SINK/_T_49_RNIVJ66/U0_RGB1                                       |
|        |         | Source: NETLIST                                                                                                                                                                       |
| 25     | INT_NET | Net   : URSTB_arst                                                                                                                                                                    |
|        |         | Driver: CoreJTAGDebug_0_inst_0/CoreJTAGDebug_0_0/genblk1.genblk1.genblk1.UJTAG_inst/UJTAG_inst_RNILAHC/U0_RGB1                                                                        |
|        |         | Source: NETLIST                                                                                                                                                                       |
| 24     | INT_NET | Net   : MiV_RV32IMA_L1_AHB_0_inst_0/MiV_RV32IMA_L1_AHB_0_0/ChiselTop0/debug_1/un1_reset_debug_arst                                                                                    |
|        |         | Driver: MiV_RV32IMA_L1_AHB_0_inst_0/MiV_RV32IMA_L1_AHB_0_0/ChiselTop0/debug_1/dmOuter/dmiXbar/un1_reset_debug_RNICCBD/U0_RGB1                                                         |
|        |         | Source: NETLIST                                                                                                                                                                       |
| 17     | INT_NET | Net   : CoreJTAGDebug_0_inst_0/CoreJTAGDebug_0_0/iUDRCK                                                                                                                               |
|        |         | Driver: CoreJTAGDebug_0_inst_0/CoreJTAGDebug_0_0/genblk1.genblk1.genblk1.UJTAG_inst/UDRCK_inferred_clock_RNIFUN4/U0_RGB1                                                              |
|        |         | Source: NETLIST                                                                                                                                                                       |
+--------+---------+---------------------------------------------------------------------------------------------------------------------------------------------------------------------------------------+

Nets assigned to row global resources
+--------+------+------+
| Fanout | Type | Name |
+--------+------+------+
+--------+------+------+

High fanout nets
+--------+---------+----------------------------------------------------------------------------------------------------------------------------------------------------------------------------------+
| Fanout | Type    | Name                                                                                                                                                                             |
+--------+---------+----------------------------------------------------------------------------------------------------------------------------------------------------------------------------------+
| 753    | INT_NET | Net   : MiV_RV32IMA_L1_AHB_0_inst_0/MiV_RV32IMA_L1_AHB_0_0/ChiselTop0/reset_arst                                                                                                 |
|        |         | Driver: MiV_RV32IMA_L1_AHB_0_inst_0/MiV_RV32IMA_L1_AHB_0_0/ChiselTop0/debug_1/dmOuter/dmiXbar/reset                                                                              |
| 617    | INT_NET | Net   : MiV_RV32IMA_L1_AHB_0_inst_0/MiV_RV32IMA_L1_AHB_0_0/ChiselTop0/debug_1/dmInner/N_8005_i                                                                                   |
|        |         | Driver: MiV_RV32IMA_L1_AHB_0_inst_0/MiV_RV32IMA_L1_AHB_0_0/ChiselTop0/debug_1/dmInner/dmactiveSync/MIV_RV32IMA_L1_AHB_ASYNC_RESET_SYNCHRONIZER_SHIFT_REG_W1_D3_I0/sync_0/reg_0/q |
| 247    | INT_NET | Net   : MiV_RV32IMA_L1_AHB_0_inst_0/MiV_RV32IMA_L1_AHB_0_0/ChiselTop0/debug_1/dmInner/dmiXing_auto_out_a_bits_address[3]                                                         |
|        |         | Driver: MiV_RV32IMA_L1_AHB_0_inst_0/MiV_RV32IMA_L1_AHB_0_0/ChiselTop0/debug_1/dmInner/dmiXing/MIV_RV32IMA_L1_AHB_ASYNC_QUEUE_SINK/deq_bits_reg/sync_0[39]                        |
| 171    | INT_NET | Net   : MiV_RV32IMA_L1_AHB_0_inst_0/MiV_RV32IMA_L1_AHB_0_0/ChiselTop0/debug_1/dmInner/dmiXing_auto_out_a_bits_address[2]                                                         |
|        |         | Driver: MiV_RV32IMA_L1_AHB_0_inst_0/MiV_RV32IMA_L1_AHB_0_0/ChiselTop0/debug_1/dmInner/dmiXing/MIV_RV32IMA_L1_AHB_ASYNC_QUEUE_SINK/deq_bits_reg/sync_0[38]                        |
| 142    | INT_NET | Net   : MiV_RV32IMA_L1_AHB_0_inst_0/MiV_RV32IMA_L1_AHB_0_0/ChiselTop0/tile/valid_0                                                                                               |
|        |         | Driver: MiV_RV32IMA_L1_AHB_0_inst_0/MiV_RV32IMA_L1_AHB_0_0/ChiselTop0/tile/frontend/fq/valid_0                                                                                   |
| 131    | INT_NET | Net   : MiV_RV32IMA_L1_AHB_0_inst_0/MiV_RV32IMA_L1_AHB_0_0/ChiselTop0/tile/frontend_auto_icache_master_out_a_bits_address[12]                                                    |
|        |         | Driver: MiV_RV32IMA_L1_AHB_0_inst_0/MiV_RV32IMA_L1_AHB_0_0/ChiselTop0/tile/frontend/icache/refill_addr[12]                                                                       |
| 128    | INT_NET | Net   : MiV_RV32IMA_L1_AHB_0_inst_0/MiV_RV32IMA_L1_AHB_0_0/ChiselTop0/tile/frontend/icache/un1__GEN_13_2_sqmuxa_or                                                               |
|        |         | Driver: MiV_RV32IMA_L1_AHB_0_inst_0/MiV_RV32IMA_L1_AHB_0_0/ChiselTop0/tile/frontend/icache/refill_one_beat_0_o2_RNIG6TU                                                          |
| 128    | INT_NET | Net   : MiV_RV32IMA_L1_AHB_0_inst_0/MiV_RV32IMA_L1_AHB_0_0/ChiselTop0/tile/frontend/icache/N_7594_i                                                                              |
|        |         | Driver: MiV_RV32IMA_L1_AHB_0_inst_0/MiV_RV32IMA_L1_AHB_0_0/ChiselTop0/tile/frontend/icache/vb_array_1340_fast                                                                    |
| 128    | INT_NET | Net   : MiV_RV32IMA_L1_AHB_0_inst_0/MiV_RV32IMA_L1_AHB_0_0/ChiselTop0/tile/frontend/icache/_T_232                                                                                |
|        |         | Driver: MiV_RV32IMA_L1_AHB_0_inst_0/MiV_RV32IMA_L1_AHB_0_0/ChiselTop0/tile/frontend/icache/_T_232_0_a2                                                                           |
| 108    | INT_NET | Net   : MiV_RV32IMA_L1_AHB_0_inst_0/MiV_RV32IMA_L1_AHB_0_0/ChiselTop0/tile/core/mem_reg_pc_291                                                                                   |
|        |         | Driver: MiV_RV32IMA_L1_AHB_0_inst_0/MiV_RV32IMA_L1_AHB_0_0/ChiselTop0/tile/core/bypass_mux_1_185_0                                                                               |
+--------+---------+----------------------------------------------------------------------------------------------------------------------------------------------------------------------------------+

High fanout nets (through buffer trees)
+--------+---------+----------------------------------------------------------------------------------------------------------------------------------------------------------------------------------+
| Fanout | Type    | Name                                                                                                                                                                             |
+--------+---------+----------------------------------------------------------------------------------------------------------------------------------------------------------------------------------+
| 753    | INT_NET | Net   : MiV_RV32IMA_L1_AHB_0_inst_0/MiV_RV32IMA_L1_AHB_0_0/ChiselTop0/reset_arst                                                                                                 |
|        |         | Driver: MiV_RV32IMA_L1_AHB_0_inst_0/MiV_RV32IMA_L1_AHB_0_0/ChiselTop0/debug_1/dmOuter/dmiXbar/reset                                                                              |
| 617    | INT_NET | Net   : MiV_RV32IMA_L1_AHB_0_inst_0/MiV_RV32IMA_L1_AHB_0_0/ChiselTop0/debug_1/dmInner/N_8005_i                                                                                   |
|        |         | Driver: MiV_RV32IMA_L1_AHB_0_inst_0/MiV_RV32IMA_L1_AHB_0_0/ChiselTop0/debug_1/dmInner/dmactiveSync/MIV_RV32IMA_L1_AHB_ASYNC_RESET_SYNCHRONIZER_SHIFT_REG_W1_D3_I0/sync_0/reg_0/q |
| 247    | INT_NET | Net   : MiV_RV32IMA_L1_AHB_0_inst_0/MiV_RV32IMA_L1_AHB_0_0/ChiselTop0/debug_1/dmInner/dmiXing_auto_out_a_bits_address[3]                                                         |
|        |         | Driver: MiV_RV32IMA_L1_AHB_0_inst_0/MiV_RV32IMA_L1_AHB_0_0/ChiselTop0/debug_1/dmInner/dmiXing/MIV_RV32IMA_L1_AHB_ASYNC_QUEUE_SINK/deq_bits_reg/sync_0[39]                        |
| 171    | INT_NET | Net   : MiV_RV32IMA_L1_AHB_0_inst_0/MiV_RV32IMA_L1_AHB_0_0/ChiselTop0/debug_1/dmInner/dmiXing_auto_out_a_bits_address[2]                                                         |
|        |         | Driver: MiV_RV32IMA_L1_AHB_0_inst_0/MiV_RV32IMA_L1_AHB_0_0/ChiselTop0/debug_1/dmInner/dmiXing/MIV_RV32IMA_L1_AHB_ASYNC_QUEUE_SINK/deq_bits_reg/sync_0[38]                        |
| 142    | INT_NET | Net   : MiV_RV32IMA_L1_AHB_0_inst_0/MiV_RV32IMA_L1_AHB_0_0/ChiselTop0/tile/valid_0                                                                                               |
|        |         | Driver: MiV_RV32IMA_L1_AHB_0_inst_0/MiV_RV32IMA_L1_AHB_0_0/ChiselTop0/tile/frontend/fq/valid_0                                                                                   |
| 131    | INT_NET | Net   : MiV_RV32IMA_L1_AHB_0_inst_0/MiV_RV32IMA_L1_AHB_0_0/ChiselTop0/tile/frontend_auto_icache_master_out_a_bits_address[12]                                                    |
|        |         | Driver: MiV_RV32IMA_L1_AHB_0_inst_0/MiV_RV32IMA_L1_AHB_0_0/ChiselTop0/tile/frontend/icache/refill_addr[12]                                                                       |
| 128    | INT_NET | Net   : MiV_RV32IMA_L1_AHB_0_inst_0/MiV_RV32IMA_L1_AHB_0_0/ChiselTop0/tile/frontend/icache/un1__GEN_13_2_sqmuxa_or                                                               |
|        |         | Driver: MiV_RV32IMA_L1_AHB_0_inst_0/MiV_RV32IMA_L1_AHB_0_0/ChiselTop0/tile/frontend/icache/refill_one_beat_0_o2_RNIG6TU                                                          |
| 128    | INT_NET | Net   : MiV_RV32IMA_L1_AHB_0_inst_0/MiV_RV32IMA_L1_AHB_0_0/ChiselTop0/tile/frontend/icache/N_7594_i                                                                              |
|        |         | Driver: MiV_RV32IMA_L1_AHB_0_inst_0/MiV_RV32IMA_L1_AHB_0_0/ChiselTop0/tile/frontend/icache/vb_array_1340_fast                                                                    |
| 128    | INT_NET | Net   : MiV_RV32IMA_L1_AHB_0_inst_0/MiV_RV32IMA_L1_AHB_0_0/ChiselTop0/tile/frontend/icache/_T_232                                                                                |
|        |         | Driver: MiV_RV32IMA_L1_AHB_0_inst_0/MiV_RV32IMA_L1_AHB_0_0/ChiselTop0/tile/frontend/icache/_T_232_0_a2                                                                           |
| 108    | INT_NET | Net   : MiV_RV32IMA_L1_AHB_0_inst_0/MiV_RV32IMA_L1_AHB_0_0/ChiselTop0/tile/core/mem_reg_pc_291                                                                                   |
|        |         | Driver: MiV_RV32IMA_L1_AHB_0_inst_0/MiV_RV32IMA_L1_AHB_0_0/ChiselTop0/tile/core/bypass_mux_1_185_0                                                                               |
+--------+---------+----------------------------------------------------------------------------------------------------------------------------------------------------------------------------------+

