Resource Usage Report for BaseDesign 

Mapping to part: m2gl025vf400std
Cell usage:
AND2            1 use
CCC             1 use
CLKINT          8 uses
RCOSC_25_50MHZ  1 use
SYSRESET        1 use
UJTAG           1 use
CFG1           20 uses
CFG2           1330 uses
CFG3           3839 uses
CFG4           4766 uses

Carry cells:
ARI1            909 uses - used for arithmetic functions
ARI1            435 uses - used for Wide-Mux implementation
Total ARI1      1344 uses


Sequential Cells: 
SLE            5560 uses

DSP Blocks:    2 of 34 (5%)
 MACC:         1 MultAdd
 MACC:         1 Mult

I/O ports: 14
I/O primitives: 8
INBUF          3 uses
OUTBUF         5 uses


Global Clock Buffers: 8

Total LUTs:    11299

Extra resources required for RAM and MACC interface logic during P&R:

RAM64x18 Interface Logic : SLEs = 288; LUTs = 288;
RAM1K18  Interface Logic : SLEs = 864; LUTs = 864;
MACC     Interface Logic : SLEs = 72; LUTs = 72;

Total number of SLEs after P&R:  5560 + 288 + 864 + 72 = 6784;
Total number of LUTs after P&R:  11299 + 288 + 864 + 72 = 12523;

