----------------------------------------------------------------
-Pin Report - Date: Thu Feb 27 12:06:20 2020 Pinchecksum: NOT-AVAILABLE
-Product: Designer
-Release: v12.3
-Version: 12.800.0.16
-Design Name: BaseDesign
-Family: IGLOO2
-Die: M2GL025
-Package: 256 VF
-----------------------------------------------------------------

Port        |Pin |Fixed |Function                 |Bank     |I/O Std   |Direction                      |I/O state in Flash*Freeze mode |Resistor Pull                      |I/O available in Flash*Freeze mode |Schmitt Trigger |Odt_Static    |Odt Imp (Ohm)  |Low Power Exit |Input Delay |Slew         |Pre-Emphasis      |Output Drive (mA) |Output Load (pF) |
------------|----|------|-------------------------|---------|----------|-------------------------------|-------------------------------|-----------------------------------|-----------------------------------|----------------|--------------|---------------|---------------|------------|-------------|------------------|------------------|-----------------|
DEVRST_N     M11  Fixed  DEVRST_N                  ---       
GPIO_IN[0]   H12  Yes    MSI27NB1                  Bank1     LVCMOS25   Input                           TRISTATE                        None                                No                                  Off              ---            ---             Off             Off          ---           ---                ---                ---               
GPIO_IN[1]   H13  Yes    MSIO28NB1                 Bank1     LVCMOS25   Input                           TRISTATE                        None                                No                                  Off              ---            ---             Off             Off          ---           ---                ---                ---               
GPIO_OUT[0]  K16  Yes    MSIO4PB2                  Bank2     LVCMOS25   Output                          TRISTATE                        None                                No                                  ---              ---            ---             ---             ---          SLOW          ---                4                  5                 
GPIO_OUT[1]  M16  Yes    MSIO1NB2                  Bank2     LVCMOS25   Output                          TRISTATE                        None                                No                                  ---              ---            ---             ---             ---          SLOW          ---                4                  5                 
GPIO_OUT[2]  J16  Yes    MSIO11PB2//CCC_NE0_CLKI0  Bank2     LVCMOS25   Output                          TRISTATE                        None                                No                                  ---              ---            ---             ---             ---          SLOW          ---                4                  5                 
GPIO_OUT[3]  N16  Yes    MSIO1PB2                  Bank2     LVCMOS25   Output                          TRISTATE                        None                                No                                  ---              ---            ---             ---             ---          SLOW          ---                4                  5                 
RX           H3   Yes    MSIO99PB7/CCC_NW0_CLKI0   Bank7     LVCMOS25   Input                           TRISTATE                        None                                No                                  Off              ---            ---             Off             Off          ---           ---                ---                ---               
TCK          R14  Fixed  JTAG_TCK                  ---       
TDI          P16  Fixed  JTAG_TDI                  ---       
TDO          P14  Fixed  JTAG_TDO                  ---       
TMS          N11  Fixed  JTAG_TMS                  ---       
TRSTB        N13  Fixed  JTAG_TRSTB                ---       
TX           G3   Yes    MSIO98PB7/CCC_NW1_CLKI0   Bank7     LVCMOS25   Output                          TRISTATE                        None                                No                                  ---              ---            ---             ---             ---          SLOW          ---                4                  5                 
