Resource Usage Report for TicTacToe 

Mapping to part: m2gl025vf400std
Cell usage:
AND2            1 use
CCC             1 use
CLKINT          8 uses
RCOSC_25_50MHZ  1 use
SYSRESET        1 use
UJTAG           1 use
CFG1           18 uses
CFG2           1992 uses
CFG3           5339 uses
CFG4           6762 uses

Carry cells:
ARI1            1096 uses - used for arithmetic functions
ARI1            2283 uses - used for Wide-Mux implementation
Total ARI1      3379 uses


Sequential Cells: 
SLE            10904 uses

DSP Blocks:    2 of 34 (5%)
 MACC:         1 MultAdd
 MACC:         1 Mult

I/O ports: 17
I/O primitives: 11
INBUF          4 uses
OUTBUF         7 uses


Global Clock Buffers: 8

Total LUTs:    17490

Extra resources required for RAM and MACC interface logic during P&R:

RAM64x18 Interface Logic : SLEs = 936; LUTs = 936;
RAM1K18  Interface Logic : SLEs = 864; LUTs = 864;
MACC     Interface Logic : SLEs = 72; LUTs = 72;

Total number of SLEs after P&R:  10904 + 936 + 864 + 72 = 12776;
Total number of LUTs after P&R:  17490 + 936 + 864 + 72 = 19362;

